// Jest Snapshot v1, https://goo.gl/fbAQLP

exports[`<GAMES /> should match snapshot 1`] = `<div />`;
